// Jest Snapshot v1, https://goo.gl/fbAQLP

exports[`Pruebas en <Home /> debe mostrarse correctamente 1`] = `
<Fragment>
  <h2>
    Weather Web App
  </h2>
  <br />
  <AddName
    setCities={[Function]}
  />
  <br />
  <hr />
  <ol>
    <Grid
      city="Tum"
      key="Tum"
    />
  </ol>
</Fragment>
`;
